// Jest Snapshot v1, https://goo.gl/fbAQLP

exports[`BodyPortal renders 1`] = `""`;
