// Jest Snapshot v1, https://goo.gl/fbAQLP

exports[`Tooltip renders 1`] = `
<Fragment>
  <Styled(Icon)
    icon="info"
    onMouseEnter={[Function]}
    onMouseLeave={[Function]}
  />
</Fragment>
`;
